#-----------------------------------------------------------
# Vivado v2019.2 (64-bit)
# SW Build 2700185 on Thu Oct 24 18:46:05 MDT 2019
# IP Build 2699827 on Thu Oct 24 21:16:38 MDT 2019
# Start of session at: Tue May  5 18:34:46 2020
# Process ID: 5224
# Current directory: D:/plis/lab2/tmp
# Command line: vivado.exe -gui_launcher_event rodinguilauncherevent3492 D:\plis\lab2\tmp\lab2.xpr
# Log file: D:/plis/lab2/tmp/vivado.log
# Journal file: D:/plis/lab2/tmp\vivado.jou
#-----------------------------------------------------------
start_gui
open_project D:/plis/lab2/tmp/lab2.xpr
update_compile_order -fileset sources_1
export_ip_user_files -of_objects  [get_files D:/plis/lab2/rtl/dec_hex.v] -no_script -reset -force -quiet
remove_files  D:/plis/lab2/rtl/dec_hex.v
export_ip_user_files -of_objects  [get_files D:/plis/lab2/tb/lab2_tb.v] -no_script -reset -force -quiet
remove_files  -fileset sim_1 D:/plis/lab2/tb/lab2_tb.v
export_ip_user_files -of_objects  [get_files D:/plis/lab2/rtl/lab2.v] -no_script -reset -force -quiet
remove_files  D:/plis/lab2/rtl/lab2.v
add_files -norecurse D:/plis/lab2/rtl/counter.v
set_property SOURCE_SET sources_1 [get_filesets sim_1]
add_files -fileset sim_1 -norecurse D:/plis/lab2/tb/counter_tb.v
update_compile_order -fileset sim_1
update_compile_order -fileset sim_1
export_ip_user_files -of_objects  [get_files D:/plis/lab2/xdc/Arty-A7-100-Master.xdc] -no_script -reset -force -quiet
remove_files  -fileset constrs_1 D:/plis/lab2/xdc/Arty-A7-100-Master.xdc
add_files -norecurse D:/plis/lab2/rtl/dec_hex.v
update_compile_order -fileset sources_1
update_compile_order -fileset sources_1
launch_simulation
launch_simulation
add_files -norecurse D:/plis/lab2/rtl/dec_hex.v
launch_simulation
source counter_tb.tcl
relaunch_sim
relaunch_sim
relaunch_sim
relaunch_sim
relaunch_sim
relaunch_sim
relaunch_sim
close_sim
