#-----------------------------------------------------------
# Vivado v2019.1 (64-bit)
# SW Build 2552052 on Fri May 24 14:49:42 MDT 2019
# IP Build 2548770 on Fri May 24 18:01:18 MDT 2019
# Start of session at: Thu May  7 23:36:38 2020
# Process ID: 6140
# Current directory: D:/labs/lab2/tmp
# Command line: vivado.exe -gui_launcher_event rodinguilauncherevent13788 D:\labs\lab2\tmp\lab2.xpr
# Log file: D:/labs/lab2/tmp/vivado.log
# Journal file: D:/labs/lab2/tmp\vivado.jou
#-----------------------------------------------------------
start_gui
open_project D:/labs/lab2/tmp/lab2.xpr
update_compile_order -fileset sources_1
launch_simulation
source main_tb.tcl
reset_run synth_1
launch_runs synth_1 -jobs 4
wait_on_run synth_1
open_run synth_1 -name synth_1
save_wave_config {D:/labs/lab2/tb/main_tb_behav.wcfg}
add_files -fileset sim_1 -norecurse D:/labs/lab2/tb/main_tb_behav.wcfg
set_property xsim.view D:/labs/lab2/tb/main_tb_behav.wcfg [get_filesets sim_1]
add_bp {D:/labs/lab2/rtl/decoder_hex.v} 7
add_bp {D:/labs/lab2/rtl/decoder_hex.v} 8
remove_bps -file {D:/labs/lab2/rtl/decoder_hex.v} -line 8
remove_bps -file {D:/labs/lab2/rtl/decoder_hex.v} -line 7
close_sim
