#-----------------------------------------------------------
# Vivado v2019.2 (64-bit)
# SW Build 2708876 on Wed Nov  6 21:40:23 MST 2019
# IP Build 2700528 on Thu Nov  7 00:09:20 MST 2019
# Start of session at: Wed May 13 18:24:27 2020
# Process ID: 12608
# Current directory: C:/Users/nikit/vivadoProject/MIET_FPGA_practicum/lab2/tmp
# Command line: vivado.exe -gui_launcher_event rodinguilauncherevent17184 C:\Users\nikit\vivadoProject\MIET_FPGA_practicum\lab2\tmp\Laba2.xpr
# Log file: C:/Users/nikit/vivadoProject/MIET_FPGA_practicum/lab2/tmp/vivado.log
# Journal file: C:/Users/nikit/vivadoProject/MIET_FPGA_practicum/lab2/tmp\vivado.jou
#-----------------------------------------------------------
start_gui
open_project C:/Users/nikit/vivadoProject/MIET_FPGA_practicum/lab2/tmp/Laba2.xpr
update_compile_order -fileset sources_1
launch_simulation
source counter_tb.tcl
close_sim
close [ open C:/Users/nikit/vivadoProject/Laba2/rtl/button_debounce.v w ]
add_files C:/Users/nikit/vivadoProject/Laba2/rtl/button_debounce.v
update_compile_order -fileset sources_1
update_compile_order -fileset sources_1
launch_simulation
source counter_tb.tcl
close_sim
launch_simulation
source counter_tb.tcl
close_sim
